// Jest Snapshot v1, https://goo.gl/fbAQLP

exports[`It should render the homepage components correctly 1`] = `
Object {
  "asFragment": [Function],
  "baseElement": <body>
    <div>
      <div
        class="homeScreen"
      >
        <div
          class="navBar"
        >
          <div
            class="navbarLeftDiv"
          >
            <a
              href="/"
            >
              <i
                class="fa-solid fa-chevron-left"
              />
            </a>
          </div>
          <h3
            class="navbar-middle"
          >
            Europian Countries
          </h3>
          <div
            class="navbarRightDiv"
          >
            <i
              class="fa-solid fa-microphone"
            />
            <i
              class="fa-solid fa-gear"
            />
          </div>
        </div>
        <div
          class="europeMainDiv"
        >
          <div
            class="imageDiv"
          >
            <img
              alt="Europe"
              class="europeImage"
              src="Europ.png"
            />
          </div>
          <div
            class="europeDatialsDiv"
          >
            <h1
              class="euroh2eTitle"
            >
              Europe
            </h1>
            <p
              class="europePopulation"
            >
              746.4 Million
            </p>
          </div>
        </div>
        <div
          class="CountryListMainDiv"
        >
          <h2
            class="CountryListTitle"
          >
            List of Urope Countries
          </h2>
          <div
            class="CountryList"
          />
        </div>
      </div>
    </div>
  </body>,
  "container": <div>
    <div
      class="homeScreen"
    >
      <div
        class="navBar"
      >
        <div
          class="navbarLeftDiv"
        >
          <a
            href="/"
          >
            <i
              class="fa-solid fa-chevron-left"
            />
          </a>
        </div>
        <h3
          class="navbar-middle"
        >
          Europian Countries
        </h3>
        <div
          class="navbarRightDiv"
        >
          <i
            class="fa-solid fa-microphone"
          />
          <i
            class="fa-solid fa-gear"
          />
        </div>
      </div>
      <div
        class="europeMainDiv"
      >
        <div
          class="imageDiv"
        >
          <img
            alt="Europe"
            class="europeImage"
            src="Europ.png"
          />
        </div>
        <div
          class="europeDatialsDiv"
        >
          <h1
            class="euroh2eTitle"
          >
            Europe
          </h1>
          <p
            class="europePopulation"
          >
            746.4 Million
          </p>
        </div>
      </div>
      <div
        class="CountryListMainDiv"
      >
        <h2
          class="CountryListTitle"
        >
          List of Urope Countries
        </h2>
        <div
          class="CountryList"
        />
      </div>
    </div>
  </div>,
  "debug": [Function],
  "findAllByAltText": [Function],
  "findAllByDisplayValue": [Function],
  "findAllByLabelText": [Function],
  "findAllByPlaceholderText": [Function],
  "findAllByRole": [Function],
  "findAllByTestId": [Function],
  "findAllByText": [Function],
  "findAllByTitle": [Function],
  "findByAltText": [Function],
  "findByDisplayValue": [Function],
  "findByLabelText": [Function],
  "findByPlaceholderText": [Function],
  "findByRole": [Function],
  "findByTestId": [Function],
  "findByText": [Function],
  "findByTitle": [Function],
  "getAllByAltText": [Function],
  "getAllByDisplayValue": [Function],
  "getAllByLabelText": [Function],
  "getAllByPlaceholderText": [Function],
  "getAllByRole": [Function],
  "getAllByTestId": [Function],
  "getAllByText": [Function],
  "getAllByTitle": [Function],
  "getByAltText": [Function],
  "getByDisplayValue": [Function],
  "getByLabelText": [Function],
  "getByPlaceholderText": [Function],
  "getByRole": [Function],
  "getByTestId": [Function],
  "getByText": [Function],
  "getByTitle": [Function],
  "queryAllByAltText": [Function],
  "queryAllByDisplayValue": [Function],
  "queryAllByLabelText": [Function],
  "queryAllByPlaceholderText": [Function],
  "queryAllByRole": [Function],
  "queryAllByTestId": [Function],
  "queryAllByText": [Function],
  "queryAllByTitle": [Function],
  "queryByAltText": [Function],
  "queryByDisplayValue": [Function],
  "queryByLabelText": [Function],
  "queryByPlaceholderText": [Function],
  "queryByRole": [Function],
  "queryByTestId": [Function],
  "queryByText": [Function],
  "queryByTitle": [Function],
  "rerender": [Function],
  "unmount": [Function],
}
`;
